[demo.bootstrapious.com/dashboard/index.html]
[backblue.gif]
[fade.gif]
[index.html]
[demo.bootstrapious.com/dashboard/css/bootstrap.min.css]
[demo.bootstrapious.com/dashboard/css/style.default.css]
[demo.bootstrapious.com/dashboard/img/favicon.ico]
[use.fontawesome.com/99347ac47f.js]
[demo.bootstrapious.com/dashboard/img/avatar-1.jpg]
[demo.bootstrapious.com/dashboard/index-2.html]
[demo.bootstrapious.com/dashboard/forms.html]
[demo.bootstrapious.com/dashboard/charts.html]
[demo.bootstrapious.com/dashboard/tables.html]
[demo.bootstrapious.com/dashboard/img/avatar-2.jpg]
[demo.bootstrapious.com/dashboard/img/avatar-3.jpg]
[demo.bootstrapious.com/dashboard/img/avatar-5.jpg]
[demo.bootstrapious.com/dashboard/img/avatar-6.jpg]
[demo.bootstrapious.com/dashboard/img/template-mac.png]
[ajax.googleapis.com/ajax/libs/jquery/1.11.0/jquery.min.js]
[demo.bootstrapious.com/dashboard/js/tether.min.js]
[demo.bootstrapious.com/dashboard/js/jquery.cookie.js]
[demo.bootstrapious.com/dashboard/js/bootstrap.min.js]
[demo.bootstrapious.com/dashboard/js/grasp_mobile_progress_circle-1.0.0.min.js]
[demo.bootstrapious.com/dashboard/js/jquery.validate.min.js]
[demo.bootstrapious.com/dashboard/js/jquery.nicescroll.min.js]
[demo.bootstrapious.com/dashboard/js/charts-home.js]
[demo.bootstrapious.com/dashboard/js/front.js]
[www.google-analytics.com/analytics.js]
[cdnjs.cloudflare.com/ajax/libs/Chart.js/2.5.0/Chart.min.js]
[demo.bootstrapious.com/dashboard/index.html]
[demo.bootstrapious.com/dashboard/css/bootstrap.min.css]
[demo.bootstrapious.com/dashboard/css/style.default.css]
[demo.bootstrapious.com/dashboard/css/grasp_mobile_progress_circle-1.0.0.min.css]
[demo.bootstrapious.com/dashboard/css/custom.css]
[file.myfontastic.com/da58YPMQ7U5HY8Rb6UxkNf/fonts/1494891667.eot]
[file.myfontastic.com/da58YPMQ7U5HY8Rb6UxkNf/fonts/1494891667d41d.eot]
[file.myfontastic.com/da58YPMQ7U5HY8Rb6UxkNf/fonts/1494891667.woff]
[file.myfontastic.com/da58YPMQ7U5HY8Rb6UxkNf/fonts/1494891667.ttf]
[file.myfontastic.com/da58YPMQ7U5HY8Rb6UxkNf/icons.css]
[demo.bootstrapious.com/dashboard/index-2.html]
[demo.bootstrapious.com/dashboard/forms.html]
[demo.bootstrapious.com/dashboard/js/charts-custom.js]
[demo.bootstrapious.com/dashboard/charts.html]
[demo.bootstrapious.com/dashboard/tables.html]
[demo.bootstrapious.com/dashboard/login.html]
[file.myfontastic.com/da58YPMQ7U5HY8Rb6UxkNf/fonts/1494891667.svg]
[demo.bootstrapious.com/dashboard/register.html]
